CRITICAL - 2026-05-04 16:19:56 --> ErrorException: fopen(/home/finaritra/Documents/S4-design/food_4071_4132_4244/writable/session/ci_session473409d5654e332f96c78080d32169a6): Failed to open stream: Permission denied
[Method: POST, Route: login]
in SYSTEMPATH/Session/Handlers/FileHandler.php on line 125.
 1 [internal function]: CodeIgniter\Debug\Exceptions->errorHandler()
 2 SYSTEMPATH/Session/Handlers/FileHandler.php(125): fopen()
 3 [internal function]: CodeIgniter\Session\Handlers\FileHandler->read()
 4 SYSTEMPATH/Session/Session.php(625): session_start()
 5 SYSTEMPATH/Session/Session.php(120): CodeIgniter\Session\Session->startSession()
 6 SYSTEMPATH/Config/Services.php(715): CodeIgniter\Session\Session->start()
 7 SYSTEMPATH/Config/BaseService.php(325): CodeIgniter\Config\Services::session()
 8 SYSTEMPATH/Config/BaseService.php(264): CodeIgniter\Config\BaseService::__callStatic()
 9 SYSTEMPATH/Config/Services.php(668): CodeIgniter\Config\BaseService::getSharedInstance()
10 SYSTEMPATH/Config/BaseService.php(334): CodeIgniter\Config\Services::session()
11 SYSTEMPATH/Config/BaseService.php(203): CodeIgniter\Config\BaseService::__callStatic()
12 SYSTEMPATH/Common.php(1078): CodeIgniter\Config\BaseService::get()
13 SYSTEMPATH/Common.php(1051): service()
14 APPPATH/Controllers/User.php(46): session()
15 SYSTEMPATH/CodeIgniter.php(951): App\Controllers\User->loginUser()
16 SYSTEMPATH/CodeIgniter.php(497): CodeIgniter\CodeIgniter->runController()
17 SYSTEMPATH/CodeIgniter.php(340): CodeIgniter\CodeIgniter->handleRequest()
18 SYSTEMPATH/Boot.php(417): CodeIgniter\CodeIgniter->run()
19 SYSTEMPATH/Boot.php(68): CodeIgniter\Boot::runCodeIgniter()
20 FCPATH/index.php(59): CodeIgniter\Boot::bootWeb()
CRITICAL - 2026-05-04 16:22:26 --> ErrorException: fopen(/home/finaritra/Documents/S4-design/food_4071_4132_4244/writable/session/ci_sessiondbea35fb741228e4e0d0169a59af5d4e): Failed to open stream: Permission denied
[Method: GET, Route: home]
in SYSTEMPATH/Session/Handlers/FileHandler.php on line 125.
 1 [internal function]: CodeIgniter\Debug\Exceptions->errorHandler()
 2 SYSTEMPATH/Session/Handlers/FileHandler.php(125): fopen()
 3 [internal function]: CodeIgniter\Session\Handlers\FileHandler->read()
 4 SYSTEMPATH/Session/Session.php(625): session_start()
 5 SYSTEMPATH/Session/Session.php(120): CodeIgniter\Session\Session->startSession()
 6 SYSTEMPATH/Config/Services.php(715): CodeIgniter\Session\Session->start()
 7 SYSTEMPATH/Config/BaseService.php(325): CodeIgniter\Config\Services::session()
 8 SYSTEMPATH/Config/BaseService.php(264): CodeIgniter\Config\BaseService::__callStatic()
 9 SYSTEMPATH/Config/Services.php(668): CodeIgniter\Config\BaseService::getSharedInstance()
10 SYSTEMPATH/Config/BaseService.php(334): CodeIgniter\Config\Services::session()
11 SYSTEMPATH/Config/BaseService.php(203): CodeIgniter\Config\BaseService::__callStatic()
12 SYSTEMPATH/Common.php(1078): CodeIgniter\Config\BaseService::get()
13 SYSTEMPATH/Common.php(1051): service()
14 APPPATH/Controllers/Home.php(10): session()
15 SYSTEMPATH/CodeIgniter.php(951): App\Controllers\Home->getPlats()
16 SYSTEMPATH/CodeIgniter.php(497): CodeIgniter\CodeIgniter->runController()
17 SYSTEMPATH/CodeIgniter.php(340): CodeIgniter\CodeIgniter->handleRequest()
18 SYSTEMPATH/Boot.php(417): CodeIgniter\CodeIgniter->run()
19 SYSTEMPATH/Boot.php(68): CodeIgniter\Boot::runCodeIgniter()
20 FCPATH/index.php(59): CodeIgniter\Boot::bootWeb()
CRITICAL - 2026-05-04 16:33:36 --> ErrorException: fopen(/home/finaritra/Documents/S4-design/food_4071_4132_4244/writable/session/ci_sessionf457ac3495930c6e3b2ed4a89fae7a96): Failed to open stream: Permission denied
[Method: GET, Route: home]
in SYSTEMPATH/Session/Handlers/FileHandler.php on line 125.
 1 [internal function]: CodeIgniter\Debug\Exceptions->errorHandler()
 2 SYSTEMPATH/Session/Handlers/FileHandler.php(125): fopen()
 3 [internal function]: CodeIgniter\Session\Handlers\FileHandler->read()
 4 SYSTEMPATH/Session/Session.php(625): session_start()
 5 SYSTEMPATH/Session/Session.php(120): CodeIgniter\Session\Session->startSession()
 6 SYSTEMPATH/Config/Services.php(715): CodeIgniter\Session\Session->start()
 7 SYSTEMPATH/Config/BaseService.php(325): CodeIgniter\Config\Services::session()
 8 SYSTEMPATH/Config/BaseService.php(264): CodeIgniter\Config\BaseService::__callStatic()
 9 SYSTEMPATH/Config/Services.php(668): CodeIgniter\Config\BaseService::getSharedInstance()
10 SYSTEMPATH/Config/BaseService.php(334): CodeIgniter\Config\Services::session()
11 SYSTEMPATH/Config/BaseService.php(203): CodeIgniter\Config\BaseService::__callStatic()
12 SYSTEMPATH/Common.php(1078): CodeIgniter\Config\BaseService::get()
13 SYSTEMPATH/Common.php(1051): service()
14 APPPATH/Controllers/Home.php(10): session()
15 SYSTEMPATH/CodeIgniter.php(951): App\Controllers\Home->getPlats()
16 SYSTEMPATH/CodeIgniter.php(497): CodeIgniter\CodeIgniter->runController()
17 SYSTEMPATH/CodeIgniter.php(340): CodeIgniter\CodeIgniter->handleRequest()
18 SYSTEMPATH/Boot.php(417): CodeIgniter\CodeIgniter->run()
19 SYSTEMPATH/Boot.php(68): CodeIgniter\Boot::runCodeIgniter()
20 FCPATH/index.php(59): CodeIgniter\Boot::bootWeb()
